<html>
<body>
<pre>
<h1>礦ision Build Log</h1>
<h2>Tool Versions:</h2>
IDE-Version: μVision V5.15
Copyright (C) 2015 ARM Ltd and ARM Germany GmbH. All rights reserved.
License Information: q2312321 123, 12312, LIC=MGXJJ-U2M43-35JTX-H4WRY-IWFZJ-5U26E
 
Tool Versions:
Toolchain:       MDK-ARM Professional  Version: 5.15.0
Toolchain Path:  D:\keil5\ARM\ARMCC\Bin
C Compiler:      Armcc.exe V5.05 update 2 (build 169)
Assembler:       Armasm.exe V5.05 update 2 (build 169)
Linker/Locator:  ArmLink.exe V5.05 update 2 (build 169)
Library Manager: ArmAr.exe V5.05 update 2 (build 169)
Hex Converter:   FromElf.exe V5.05 update 2 (build 169)
CPU DLL:         SARMCM3.DLL V5.15.0
Dialog DLL:      DARMSTM.DLL V1.65.0.0
Target DLL:      Segger\JL2CM3.dll V2.99.15.0
Dialog DLL:      TARMSTM.DLL V1.64.0.0
 
<h2>Project:</h2>
E:\战舰V3\战舰V3 资料盘(A盘)\战舰V3 资料盘(A盘)\4，程序源码\2，标准例程-库函数版本\2，标准例程-库函数版本\实验41 图片显示实验\USER\PICTURE.uvprojx
Project File Date:  02/25/2017

<h2>Output:</h2>
*** Using Compiler 'V5.05 update 2 (build 169)', folder: 'D:\keil5\ARM\ARMCC\Bin'
Build target 'PICTURE'
compiling main.c...
main.c(156): warning:  #177-D: variable "i" was declared but never referenced
        u8 i=0;   
main.c(440): warning:  #111-D: statement is unreachable
        myfree(SRAMIN,picfileinfo.lfname);      //?头??诖?                          
main.c(368): warning:  #550-D: variable "res" was set but never used
        u8 res;
main.c(369): warning:  #177-D: variable "len" was declared but never referenced
                u16 len;
main.c(370): warning:  #177-D: variable "CRes" was declared but never referenced
        UINT CRes=0;
main.c(371): warning:  #177-D: variable "picdir" was declared but never referenced
        DIR picdir;                     //图片目录
main.c(373): warning:  #177-D: variable "fn" was declared but never referenced
        u8 *fn;                         //长?募???
main.c(375): warning:  #177-D: variable "totpicnum" was declared but never referenced
        u16 totpicnum;          //图片?募?????
main.c(376): warning:  #550-D: variable "curindex" was set but never used
        u16 curindex;           //图片当前????
main.c(377): warning:  #177-D: variable "key" was declared but never referenced
        u8 key;                         //??值
main.c(378): warning:  #177-D: variable "pause" was declared but never referenced
        u8 pause=0;                     //??停?昙?
main.c(379): warning:  #177-D: variable "t" was declared but never referenced
        u8 t,i;
main.c(379): warning:  #177-D: variable "i" was declared but never referenced
        u8 t,i;
main.c(380): warning:  #177-D: variable "temp" was declared but never referenced
        u16 temp;
main.c: 14 warnings, 0 errors
linking...
Program Size: Code=78670 RO-data=9590 RW-data=256 ZI-data=1109184  
FromELF: creating hex file...
"..\OBJ\PICTURE.axf" - 0 Error(s), 14 Warning(s).

<h2>Collection of Component include folders:</h2>
  E:\战舰V3\战舰V3 资料盘(A盘)\战舰V3 资料盘(A盘)\4，程序源码\2，标准例程-库函数版本\2，标准例程-库函数版本\实验41 图片显示实验\USER\RTE
  D:\keil5\Keil\STM32F1xx_DFP\1.0.5\Device\Include

<h2>Collection of Component Files used:</h2>
</pre>
</body>
</html>
